[21:39:29] [Godot_Template] Первичная проверка синхронизации с GitHub...
[21:39:29] [Life_Operator] Первичная проверка синхронизации с GitHub...
[21:39:29] [Power_struggle] Первичная проверка синхронизации с GitHub...
[21:39:29] [Godot_Template] Есть материал для пуша: C:\Users\Бог\YandexDisk-volov7gleb\Проекты\IT\Godot_Template\Сам проект\Godot_Template\Tools\AutoSync\autosync.log
[21:39:29] [Godot_Template] Обращаемся к серверу (git fetch)...
[21:39:29] [Life_Operator] Обращаемся к серверу (git fetch)...
[21:39:29] [Power_struggle] Обращаемся к серверу (git fetch)...
[21:39:30] [Godot_Template] Найдены незафиксированные локальные изменения
[21:39:31] [Life_Operator] Результат: локальных изменений не найдено, пуш не нужен
[21:39:31] [Power_struggle] Результат: локальных изменений не найдено, пуш не нужен
[21:39:36] [Godot_Template] Пользователь отложил пуш
[21:39:36] [Godot_Template] Обращаемся к серверу (git fetch)...
[21:39:37] [Godot_Template] Передаём синхронизацию (commit + push)...
[21:39:42] [Godot_Template] Результат: синхронизировано, G0,0.0,0.7,0,4
[21:41:21] [Godot_Template] Первичная проверка синхронизации с GitHub...
[21:41:21] [Life_Operator] Первичная проверка синхронизации с GitHub...
[21:41:21] [Power_struggle] Первичная проверка синхронизации с GitHub...
[21:41:21] [Godot_Template] Есть материал для пуша: C:\Users\Бог\YandexDisk-volov7gleb\Проекты\IT\Godot_Template\Сам проект\Godot_Template\Tools\AutoSync\autosync.log
[21:41:21] [Godot_Template] Обращаемся к серверу (git fetch)...
[21:41:21] [Life_Operator] Обращаемся к серверу (git fetch)...
[21:41:21] [Power_struggle] Обращаемся к серверу (git fetch)...
[21:41:22] [Godot_Template] Найдены незафиксированные локальные изменения
[21:41:23] [Power_struggle] Результат: локальных изменений не найдено, пуш не нужен
[21:41:23] [Life_Operator] Результат: локальных изменений не найдено, пуш не нужен
[21:41:25] [Godot_Template] Пользователь отложил пуш
[21:41:25] [Godot_Template] Обращаемся к серверу (git fetch)...
[21:41:26] [Godot_Template] Передаём синхронизацию (commit + push)...
[21:41:36] [Godot_Template] Результат: синхронизировано, G0,0.0,0.7,0,7
[23:25:50] [Godot_Template] Первичная проверка синхронизации с GitHub...
[23:25:50] [Life_Operator] Первичная проверка синхронизации с GitHub...
[23:25:50] [Power_struggle] Первичная проверка синхронизации с GitHub...
[23:25:50] [Godot_Template] Есть материал для пуша: C:\Users\Бог\YandexDisk-volov7gleb\Проекты\IT\Godot_Template\Сам проект\Godot_Template\Tools\AutoSync\autosync.log
[23:25:50] [Godot_Template] Обращаемся к серверу (git fetch)...
[23:25:50] [Life_Operator] Обращаемся к серверу (git fetch)...
[23:25:50] [Power_struggle] Обращаемся к серверу (git fetch)...
[23:25:51] [Godot_Template] На git есть новая версия, и локально тоже есть изменения — нужен выбор
[23:25:52] [Power_struggle] Результат: локальных изменений не найдено, пуш не нужен
[23:25:52] [Life_Operator] Результат: локальных изменений не найдено, пуш не нужен
[23:25:58] [Godot_Template] Выбор пользователя: оставить локальную версию (force-push)
[23:25:58] [Godot_Template] Передаём синхронизацию (commit + push)...
